2025-12-15T18:14:12.510+05:30  INFO 100 --- [user-service] [main] com.app_ecom.EcomApplication             : Starting EcomApplication using Java 21.0.8 with PID 100 (D:\Personal\CODE\Java-Code\MicroService\MicroserverWithDiffrentServices\user-model\target\classes started by Fintern in D:\Personal\CODE\Java-Code\MicroService\MicroserverWithDiffrentServices)
2025-12-15T18:14:12.514+05:30  INFO 100 --- [user-service] [main] com.app_ecom.EcomApplication             : No active profile set, falling back to 1 default profile: "default"
2025-12-15T18:14:12.575+05:30  INFO 100 --- [user-service] [main] o.s.c.c.c.ConfigServerConfigDataLoader   : Fetching config from server at : http://localhost:8888
2025-12-15T18:14:12.575+05:30  INFO 100 --- [user-service] [main] o.s.c.c.c.ConfigServerConfigDataLoader   : Located environment: name=user-service, profiles=[default], label=null, version=null, state=null
2025-12-15T18:14:13.998+05:30  INFO 100 --- [user-service] [main] .s.d.r.c.RepositoryConfigurationDelegate : Bootstrapping Spring Data MongoDB repositories in DEFAULT mode.
2025-12-15T18:14:14.132+05:30  INFO 100 --- [user-service] [main] .s.d.r.c.RepositoryConfigurationDelegate : Finished Spring Data repository scanning in 125 ms. Found 1 MongoDB repository interface.
2025-12-15T18:14:14.397+05:30  INFO 100 --- [user-service] [main] faultConfiguringBeanFactoryPostProcessor : No bean named 'errorChannel' has been explicitly defined. Therefore, a default PublishSubscribeChannel will be created.
2025-12-15T18:14:14.413+05:30  INFO 100 --- [user-service] [main] faultConfiguringBeanFactoryPostProcessor : No bean named 'integrationHeaderChannelRegistry' has been explicitly defined. Therefore, a default DefaultHeaderChannelRegistry will be created.
2025-12-15T18:14:14.542+05:30  INFO 100 --- [user-service] [main] o.s.cloud.context.scope.GenericScope     : BeanFactory id=99f91e0a-a5d3-358c-bfad-35471311acf4
2025-12-15T18:14:15.045+05:30  INFO 100 --- [user-service] [main] o.s.b.w.embedded.tomcat.TomcatWebServer  : Tomcat initialized with port 8081 (http)
2025-12-15T18:14:15.059+05:30  INFO 100 --- [user-service] [main] o.apache.catalina.core.StandardService   : Starting service [Tomcat]
2025-12-15T18:14:15.059+05:30  INFO 100 --- [user-service] [main] o.apache.catalina.core.StandardEngine    : Starting Servlet engine: [Apache Tomcat/10.1.46]
2025-12-15T18:14:15.129+05:30  INFO 100 --- [user-service] [main] o.a.c.c.C.[Tomcat].[localhost].[/]       : Initializing Spring embedded WebApplicationContext
2025-12-15T18:14:15.129+05:30  INFO 100 --- [user-service] [main] w.s.c.ServletWebServerApplicationContext : Root WebApplicationContext: initialization completed in 2552 ms
2025-12-15T18:14:15.766+05:30  INFO 100 --- [user-service] [main] org.mongodb.driver.client                : MongoClient with metadata {"driver": {"name": "mongo-java-driver|sync|spring-boot", "version": "5.5.1"}, "os": {"type": "Windows", "name": "Windows 11", "architecture": "amd64", "version": "10.0"}, "platform": "Java/Oracle Corporation/21.0.8+12-LTS-250"} created with settings MongoClientSettings{readPreference=primary, writeConcern=WriteConcern{w=null, wTimeout=null ms, journal=null}, retryWrites=true, retryReads=true, readConcern=ReadConcern{level=null}, credential=null, transportSettings=null, commandListeners=[io.micrometer.core.instrument.binder.mongodb.MongoMetricsCommandListener@4ae5ddc0], codecRegistry=ProvidersCodecRegistry{codecProviders=[ValueCodecProvider{}, BsonValueCodecProvider{}, DBRefCodecProvider{}, DBObjectCodecProvider{}, DocumentCodecProvider{}, CollectionCodecProvider{}, IterableCodecProvider{}, MapCodecProvider{}, GeoJsonCodecProvider{}, GridFSFileCodecProvider{}, Jsr310CodecProvider{}, JsonObjectCodecProvider{}, BsonCodecProvider{}, EnumCodecProvider{}, com.mongodb.client.model.mql.ExpressionCodecProvider@36ab69d9, com.mongodb.Jep395RecordCodecProvider@5ebfe7fa, com.mongodb.KotlinCodecProvider@5f4e389a]}, loggerSettings=LoggerSettings{maxDocumentLength=1000}, clusterSettings={hosts=[localhost:27017], srvServiceName=mongodb, mode=SINGLE, requiredClusterType=UNKNOWN, requiredReplicaSetName='null', serverSelector='null', clusterListeners='[]', serverSelectionTimeout='30000 ms', localThreshold='15 ms'}, socketSettings=SocketSettings{connectTimeoutMS=10000, readTimeoutMS=0, receiveBufferSize=0, proxySettings=ProxySettings{host=null, port=null, username=null, password=null}}, heartbeatSocketSettings=SocketSettings{connectTimeoutMS=10000, readTimeoutMS=10000, receiveBufferSize=0, proxySettings=ProxySettings{host=null, port=null, username=null, password=null}}, connectionPoolSettings=ConnectionPoolSettings{maxSize=100, minSize=0, maxWaitTimeMS=120000, maxConnectionLifeTimeMS=0, maxConnectionIdleTimeMS=0, maintenanceInitialDelayMS=0, maintenanceFrequencyMS=60000, connectionPoolListeners=[io.micrometer.core.instrument.binder.mongodb.MongoMetricsConnectionPoolListener@3ba1f56e], maxConnecting=2}, serverSettings=ServerSettings{heartbeatFrequencyMS=10000, minHeartbeatFrequencyMS=500, serverMonitoringMode=AUTO, serverListeners='[]', serverMonitorListeners='[]'}, sslSettings=SslSettings{enabled=false, invalidHostNameAllowed=false, context=null}, applicationName='null', compressorList=[], uuidRepresentation=JAVA_LEGACY, serverApi=null, autoEncryptionSettings=null, dnsClient=null, inetAddressResolver=null, contextProvider=null, timeoutMS=null}
2025-12-15T18:14:15.785+05:30  INFO 100 --- [user-service] [cluster-ClusterId{value='6940029f0cf9dcf09d0e7c43', description='null'}-localhost:27017] org.mongodb.driver.cluster               : Monitor thread successfully connected to server with description ServerDescription{address=localhost:27017, type=STANDALONE, cryptd=false, state=CONNECTED, ok=true, minWireVersion=0, maxWireVersion=27, maxDocumentSize=16777216, logicalSessionTimeoutMinutes=30, roundTripTimeNanos=26465301, minRoundTripTimeNanos=0}
2025-12-15T18:14:17.220+05:30  WARN 100 --- [user-service] [main] c.f.c.c.BeanFactoryAwareFunctionRegistry : Failed to locate function 'busConsumer' for function definition 'busConsumer'. Returning null.
2025-12-15T18:14:17.316+05:30  INFO 100 --- [user-service] [main] o.s.c.s.m.DirectWithAttributesChannel    : Channel 'user-service.springCloudBusInput' has 1 subscriber(s).
2025-12-15T18:14:17.549+05:30  INFO 100 --- [user-service] [main] DiscoveryClientOptionalArgsConfiguration : Eureka HTTP Client uses RestTemplate.
2025-12-15T18:14:17.595+05:30  WARN 100 --- [user-service] [main] iguration$LoadBalancerCaffeineWarnLogger : Spring Cloud LoadBalancer is currently working with the default cache. While this cache implementation is useful for development and tests, it's recommended to use Caffeine cache in production.You can switch to using Caffeine cache, by adding it and org.springframework.cache.caffeine.CaffeineCacheManager to the classpath.
2025-12-15T18:14:17.603+05:30  INFO 100 --- [user-service] [main] o.s.b.a.e.web.EndpointLinksResolver      : Exposing 25 endpoints beneath base path '/actuator'
2025-12-15T18:14:17.698+05:30  INFO 100 --- [user-service] [main] o.s.i.endpoint.EventDrivenConsumer       : Adding {logging-channel-adapter:_org.springframework.integration.errorLogger} as a subscriber to the 'errorChannel' channel
2025-12-15T18:14:17.699+05:30  INFO 100 --- [user-service] [main] o.s.i.channel.PublishSubscribeChannel    : Channel 'user-service.errorChannel' has 1 subscriber(s).
2025-12-15T18:14:17.699+05:30  INFO 100 --- [user-service] [main] o.s.i.endpoint.EventDrivenConsumer       : started bean '_org.springframework.integration.errorLogger'
2025-12-15T18:14:17.751+05:30  INFO 100 --- [user-service] [main] o.s.c.n.eureka.InstanceInfoFactory       : Setting initial instance status as: STARTING
2025-12-15T18:14:17.779+05:30  INFO 100 --- [user-service] [main] com.netflix.discovery.DiscoveryClient    : Initializing Eureka in region us-east-1
2025-12-15T18:14:17.788+05:30  INFO 100 --- [user-service] [main] c.n.d.s.r.aws.ConfigClusterResolver      : Resolving eureka endpoints via configuration
2025-12-15T18:14:17.804+05:30  INFO 100 --- [user-service] [main] com.netflix.discovery.DiscoveryClient    : Disable delta property : false
2025-12-15T18:14:17.805+05:30  INFO 100 --- [user-service] [main] com.netflix.discovery.DiscoveryClient    : Single vip registry refresh property : null
2025-12-15T18:14:17.806+05:30  INFO 100 --- [user-service] [main] com.netflix.discovery.DiscoveryClient    : Force full registry fetch : false
2025-12-15T18:14:17.806+05:30  INFO 100 --- [user-service] [main] com.netflix.discovery.DiscoveryClient    : Application is null : false
2025-12-15T18:14:17.806+05:30  INFO 100 --- [user-service] [main] com.netflix.discovery.DiscoveryClient    : Registered Applications size is zero : true
2025-12-15T18:14:17.806+05:30  INFO 100 --- [user-service] [main] com.netflix.discovery.DiscoveryClient    : Application version is -1: true
2025-12-15T18:14:17.806+05:30  INFO 100 --- [user-service] [main] com.netflix.discovery.DiscoveryClient    : Getting all instance registry info from the eureka server
2025-12-15T18:14:18.029+05:30  INFO 100 --- [user-service] [main] com.netflix.discovery.DiscoveryClient    : The response status is 200
2025-12-15T18:14:18.032+05:30  INFO 100 --- [user-service] [main] com.netflix.discovery.DiscoveryClient    : Starting heartbeat executor: renew interval is: 30
2025-12-15T18:14:18.034+05:30  INFO 100 --- [user-service] [main] c.n.discovery.InstanceInfoReplicator     : InstanceInfoReplicator onDemand update allowed rate per min is 4
2025-12-15T18:14:18.036+05:30  INFO 100 --- [user-service] [main] com.netflix.discovery.DiscoveryClient    : Discovery Client initialized at timestamp 1765802658035 with initial instances count: 3
2025-12-15T18:14:18.039+05:30  INFO 100 --- [user-service] [main] o.s.c.n.e.s.EurekaServiceRegistry        : Registering application USER-SERVICE with eureka with status UP
2025-12-15T18:14:18.040+05:30  INFO 100 --- [user-service] [main] com.netflix.discovery.DiscoveryClient    : Saw local status change event StatusChangeEvent [timestamp=1765802658040, current=UP, previous=STARTING]
2025-12-15T18:14:18.045+05:30  INFO 100 --- [user-service] [DiscoveryClient-InstanceInfoReplicator-%d] com.netflix.discovery.DiscoveryClient    : DiscoveryClient_USER-SERVICE/FON-LAP-52.mshome.net:user-service:8081: registering service...
2025-12-15T18:14:18.045+05:30  INFO 100 --- [user-service] [main] o.s.c.s.binder.DefaultBinderFactory      : Creating binder: rabbit
2025-12-15T18:14:18.045+05:30  INFO 100 --- [user-service] [main] o.s.c.s.binder.DefaultBinderFactory      : Constructing binder child context for rabbit
2025-12-15T18:14:18.097+05:30  INFO 100 --- [user-service] [DiscoveryClient-InstanceInfoReplicator-%d] com.netflix.discovery.DiscoveryClient    : DiscoveryClient_USER-SERVICE/FON-LAP-52.mshome.net:user-service:8081 - registration status: 204
2025-12-15T18:14:18.227+05:30  INFO 100 --- [user-service] [main] o.s.c.s.binder.DefaultBinderFactory      : Caching the binder: rabbit
2025-12-15T18:14:18.274+05:30  INFO 100 --- [user-service] [main] c.s.b.r.p.RabbitExchangeQueueProvisioner : declaring queue for inbound: springCloudBus.anonymous.KQNoYiL2Q5qn5C3Vz2Xdqg, bound to: springCloudBus
2025-12-15T18:14:18.285+05:30  INFO 100 --- [user-service] [main] o.s.a.r.c.CachingConnectionFactory       : Attempting to connect to: [localhost:5672]
2025-12-15T18:14:18.296+05:30  INFO 100 --- [user-service] [main] o.s.a.r.c.CachingConnectionFactory       : Attempting to connect to: [localhost:5672]
2025-12-15T18:14:18.302+05:30  INFO 100 --- [user-service] [main] o.s.a.r.c.CachingConnectionFactory       : Attempting to connect to: [localhost:5672]
2025-12-15T18:14:18.380+05:30  INFO 100 --- [user-service] [main] o.s.c.stream.binder.BinderErrorChannel   : Channel 'rabbit-1156424283.springCloudBusInput.errors' has 1 subscriber(s).
2025-12-15T18:14:18.385+05:30  INFO 100 --- [user-service] [main] o.s.c.stream.binder.BinderErrorChannel   : Channel 'rabbit-1156424283.springCloudBusInput.errors' has 2 subscriber(s).
2025-12-15T18:14:18.390+05:30  INFO 100 --- [user-service] [main] o.s.a.r.c.CachingConnectionFactory       : Attempting to connect to: [localhost:5672]
2025-12-15T18:14:18.393+05:30  INFO 100 --- [user-service] [main] o.s.a.r.l.SimpleMessageListenerContainer : Broker not available; cannot force queue declarations during start: java.net.ConnectException: Connection refused: getsockopt
2025-12-15T18:14:18.450+05:30  INFO 100 --- [user-service] [springCloudBus.anonymous.KQNoYiL2Q5qn5C3Vz2Xdqg-1] o.s.a.r.c.CachingConnectionFactory       : Attempting to connect to: [localhost:5672]
2025-12-15T18:14:18.452+05:30  INFO 100 --- [user-service] [main] o.s.i.a.i.AmqpInboundChannelAdapter      : started bean 'inbound.springCloudBus.anonymous.KQNoYiL2Q5qn5C3Vz2Xdqg'
2025-12-15T18:14:18.501+05:30  INFO 100 --- [user-service] [main] o.s.b.w.embedded.tomcat.TomcatWebServer  : Tomcat started on port 8081 (http) with context path '/'
2025-12-15T18:14:18.504+05:30  INFO 100 --- [user-service] [main] .s.c.n.e.s.EurekaAutoServiceRegistration : Updating port to 8081
2025-12-15T18:14:18.630+05:30  INFO 100 --- [user-service] [main] com.app_ecom.EcomApplication             : Started EcomApplication in 7.209 seconds (process running for 7.887)
2025-12-15T18:14:23.564+05:30  WARN 100 --- [user-service] [springCloudBus.anonymous.KQNoYiL2Q5qn5C3Vz2Xdqg-1] o.s.a.r.l.SimpleMessageListenerContainer : Consumer raised exception, processing can restart if the connection factory supports it. Exception summary: org.springframework.amqp.AmqpConnectException: java.net.ConnectException: Connection refused: getsockopt
2025-12-15T18:14:23.571+05:30  INFO 100 --- [user-service] [springCloudBus.anonymous.KQNoYiL2Q5qn5C3Vz2Xdqg-1] o.s.a.r.l.SimpleMessageListenerContainer : Restarting Consumer@56e589e5: tags=[[]], channel=null, acknowledgeMode=AUTO local queue size=0
2025-12-15T18:14:23.576+05:30  INFO 100 --- [user-service] [springCloudBus.anonymous.KQNoYiL2Q5qn5C3Vz2Xdqg-2] o.s.a.r.c.CachingConnectionFactory       : Attempting to connect to: [localhost:5672]
2025-12-15T18:14:28.731+05:30  WARN 100 --- [user-service] [springCloudBus.anonymous.KQNoYiL2Q5qn5C3Vz2Xdqg-2] o.s.a.r.l.SimpleMessageListenerContainer : Consumer raised exception, processing can restart if the connection factory supports it. Exception summary: org.springframework.amqp.AmqpConnectException: java.net.ConnectException: Connection refused: getsockopt
2025-12-15T18:14:28.733+05:30  INFO 100 --- [user-service] [springCloudBus.anonymous.KQNoYiL2Q5qn5C3Vz2Xdqg-2] o.s.a.r.l.SimpleMessageListenerContainer : Restarting Consumer@5ad01c56: tags=[[]], channel=null, acknowledgeMode=AUTO local queue size=0
2025-12-15T18:14:28.737+05:30  INFO 100 --- [user-service] [springCloudBus.anonymous.KQNoYiL2Q5qn5C3Vz2Xdqg-3] o.s.a.r.c.CachingConnectionFactory       : Attempting to connect to: [localhost:5672]
2025-12-15T18:14:33.857+05:30  WARN 100 --- [user-service] [springCloudBus.anonymous.KQNoYiL2Q5qn5C3Vz2Xdqg-3] o.s.a.r.l.SimpleMessageListenerContainer : Consumer raised exception, processing can restart if the connection factory supports it. Exception summary: org.springframework.amqp.AmqpConnectException: java.net.ConnectException: Connection refused: getsockopt
2025-12-15T18:14:33.857+05:30  INFO 100 --- [user-service] [springCloudBus.anonymous.KQNoYiL2Q5qn5C3Vz2Xdqg-3] o.s.a.r.l.SimpleMessageListenerContainer : Restarting Consumer@187eab3b: tags=[[]], channel=null, acknowledgeMode=AUTO local queue size=0
2025-12-15T18:14:33.860+05:30  INFO 100 --- [user-service] [springCloudBus.anonymous.KQNoYiL2Q5qn5C3Vz2Xdqg-4] o.s.a.r.c.CachingConnectionFactory       : Attempting to connect to: [localhost:5672]
2025-12-15T18:14:39.055+05:30  WARN 100 --- [user-service] [springCloudBus.anonymous.KQNoYiL2Q5qn5C3Vz2Xdqg-4] o.s.a.r.l.SimpleMessageListenerContainer : Consumer raised exception, processing can restart if the connection factory supports it. Exception summary: org.springframework.amqp.AmqpConnectException: java.net.ConnectException: Connection refused: getsockopt
2025-12-15T18:14:39.055+05:30  INFO 100 --- [user-service] [springCloudBus.anonymous.KQNoYiL2Q5qn5C3Vz2Xdqg-4] o.s.a.r.l.SimpleMessageListenerContainer : Restarting Consumer@5e65d077: tags=[[]], channel=null, acknowledgeMode=AUTO local queue size=0
2025-12-15T18:14:39.059+05:30  INFO 100 --- [user-service] [springCloudBus.anonymous.KQNoYiL2Q5qn5C3Vz2Xdqg-5] o.s.a.r.c.CachingConnectionFactory       : Attempting to connect to: [localhost:5672]
2025-12-15T18:14:44.210+05:30  WARN 100 --- [user-service] [springCloudBus.anonymous.KQNoYiL2Q5qn5C3Vz2Xdqg-5] o.s.a.r.l.SimpleMessageListenerContainer : Consumer raised exception, processing can restart if the connection factory supports it. Exception summary: org.springframework.amqp.AmqpConnectException: java.net.ConnectException: Connection refused: getsockopt
2025-12-15T18:14:44.211+05:30  INFO 100 --- [user-service] [springCloudBus.anonymous.KQNoYiL2Q5qn5C3Vz2Xdqg-5] o.s.a.r.l.SimpleMessageListenerContainer : Restarting Consumer@b59e0ff: tags=[[]], channel=null, acknowledgeMode=AUTO local queue size=0
2025-12-15T18:14:44.219+05:30  INFO 100 --- [user-service] [springCloudBus.anonymous.KQNoYiL2Q5qn5C3Vz2Xdqg-6] o.s.a.r.c.CachingConnectionFactory       : Attempting to connect to: [localhost:5672]
2025-12-15T18:14:49.347+05:30  WARN 100 --- [user-service] [springCloudBus.anonymous.KQNoYiL2Q5qn5C3Vz2Xdqg-6] o.s.a.r.l.SimpleMessageListenerContainer : Consumer raised exception, processing can restart if the connection factory supports it. Exception summary: org.springframework.amqp.AmqpConnectException: java.net.ConnectException: Connection refused: getsockopt
2025-12-15T18:14:49.351+05:30  INFO 100 --- [user-service] [springCloudBus.anonymous.KQNoYiL2Q5qn5C3Vz2Xdqg-6] o.s.a.r.l.SimpleMessageListenerContainer : Restarting Consumer@5765fb0d: tags=[[]], channel=null, acknowledgeMode=AUTO local queue size=0
2025-12-15T18:14:49.355+05:30  INFO 100 --- [user-service] [springCloudBus.anonymous.KQNoYiL2Q5qn5C3Vz2Xdqg-7] o.s.a.r.c.CachingConnectionFactory       : Attempting to connect to: [localhost:5672]
2025-12-15T18:14:54.458+05:30  WARN 100 --- [user-service] [springCloudBus.anonymous.KQNoYiL2Q5qn5C3Vz2Xdqg-7] o.s.a.r.l.SimpleMessageListenerContainer : Consumer raised exception, processing can restart if the connection factory supports it. Exception summary: org.springframework.amqp.AmqpConnectException: java.net.ConnectException: Connection refused: getsockopt
2025-12-15T18:14:54.460+05:30  INFO 100 --- [user-service] [springCloudBus.anonymous.KQNoYiL2Q5qn5C3Vz2Xdqg-7] o.s.a.r.l.SimpleMessageListenerContainer : Restarting Consumer@38067a8: tags=[[]], channel=null, acknowledgeMode=AUTO local queue size=0
2025-12-15T18:14:54.462+05:30  INFO 100 --- [user-service] [springCloudBus.anonymous.KQNoYiL2Q5qn5C3Vz2Xdqg-8] o.s.a.r.c.CachingConnectionFactory       : Attempting to connect to: [localhost:5672]
2025-12-15T18:14:59.633+05:30  WARN 100 --- [user-service] [springCloudBus.anonymous.KQNoYiL2Q5qn5C3Vz2Xdqg-8] o.s.a.r.l.SimpleMessageListenerContainer : Consumer raised exception, processing can restart if the connection factory supports it. Exception summary: org.springframework.amqp.AmqpConnectException: java.net.ConnectException: Connection refused: getsockopt
2025-12-15T18:14:59.634+05:30  INFO 100 --- [user-service] [springCloudBus.anonymous.KQNoYiL2Q5qn5C3Vz2Xdqg-8] o.s.a.r.l.SimpleMessageListenerContainer : Restarting Consumer@63cc665a: tags=[[]], channel=null, acknowledgeMode=AUTO local queue size=0
2025-12-15T18:14:59.639+05:30  INFO 100 --- [user-service] [springCloudBus.anonymous.KQNoYiL2Q5qn5C3Vz2Xdqg-9] o.s.a.r.c.CachingConnectionFactory       : Attempting to connect to: [localhost:5672]
2025-12-15T18:15:04.696+05:30  WARN 100 --- [user-service] [springCloudBus.anonymous.KQNoYiL2Q5qn5C3Vz2Xdqg-9] o.s.a.r.l.SimpleMessageListenerContainer : Consumer raised exception, processing can restart if the connection factory supports it. Exception summary: org.springframework.amqp.AmqpConnectException: java.net.ConnectException: Connection refused: getsockopt
2025-12-15T18:15:04.697+05:30  INFO 100 --- [user-service] [springCloudBus.anonymous.KQNoYiL2Q5qn5C3Vz2Xdqg-9] o.s.a.r.l.SimpleMessageListenerContainer : Restarting Consumer@731f95b9: tags=[[]], channel=null, acknowledgeMode=AUTO local queue size=0
2025-12-15T18:15:04.701+05:30  INFO 100 --- [user-service] [springCloudBus.anonymous.KQNoYiL2Q5qn5C3Vz2Xdqg-10] o.s.a.r.c.CachingConnectionFactory       : Attempting to connect to: [localhost:5672]
2025-12-15T18:15:09.828+05:30  WARN 100 --- [user-service] [springCloudBus.anonymous.KQNoYiL2Q5qn5C3Vz2Xdqg-10] o.s.a.r.l.SimpleMessageListenerContainer : Consumer raised exception, processing can restart if the connection factory supports it. Exception summary: org.springframework.amqp.AmqpConnectException: java.net.ConnectException: Connection refused: getsockopt
2025-12-15T18:15:09.829+05:30  INFO 100 --- [user-service] [springCloudBus.anonymous.KQNoYiL2Q5qn5C3Vz2Xdqg-10] o.s.a.r.l.SimpleMessageListenerContainer : Restarting Consumer@38fa2660: tags=[[]], channel=null, acknowledgeMode=AUTO local queue size=0
2025-12-15T18:15:09.833+05:30  INFO 100 --- [user-service] [springCloudBus.anonymous.KQNoYiL2Q5qn5C3Vz2Xdqg-11] o.s.a.r.c.CachingConnectionFactory       : Attempting to connect to: [localhost:5672]
2025-12-15T18:15:14.941+05:30  WARN 100 --- [user-service] [springCloudBus.anonymous.KQNoYiL2Q5qn5C3Vz2Xdqg-11] o.s.a.r.l.SimpleMessageListenerContainer : Consumer raised exception, processing can restart if the connection factory supports it. Exception summary: org.springframework.amqp.AmqpConnectException: java.net.ConnectException: Connection refused: getsockopt
2025-12-15T18:15:14.942+05:30  INFO 100 --- [user-service] [springCloudBus.anonymous.KQNoYiL2Q5qn5C3Vz2Xdqg-11] o.s.a.r.l.SimpleMessageListenerContainer : Restarting Consumer@973b7ba: tags=[[]], channel=null, acknowledgeMode=AUTO local queue size=0
2025-12-15T18:15:14.945+05:30  INFO 100 --- [user-service] [springCloudBus.anonymous.KQNoYiL2Q5qn5C3Vz2Xdqg-12] o.s.a.r.c.CachingConnectionFactory       : Attempting to connect to: [localhost:5672]
2025-12-15T18:15:20.034+05:30  WARN 100 --- [user-service] [springCloudBus.anonymous.KQNoYiL2Q5qn5C3Vz2Xdqg-12] o.s.a.r.l.SimpleMessageListenerContainer : Consumer raised exception, processing can restart if the connection factory supports it. Exception summary: org.springframework.amqp.AmqpConnectException: java.net.ConnectException: Connection refused: getsockopt
2025-12-15T18:15:20.035+05:30  INFO 100 --- [user-service] [springCloudBus.anonymous.KQNoYiL2Q5qn5C3Vz2Xdqg-12] o.s.a.r.l.SimpleMessageListenerContainer : Restarting Consumer@31e9bb1c: tags=[[]], channel=null, acknowledgeMode=AUTO local queue size=0
2025-12-15T18:15:20.038+05:30  INFO 100 --- [user-service] [springCloudBus.anonymous.KQNoYiL2Q5qn5C3Vz2Xdqg-13] o.s.a.r.c.CachingConnectionFactory       : Attempting to connect to: [localhost:5672]
2025-12-15T18:15:25.148+05:30  WARN 100 --- [user-service] [springCloudBus.anonymous.KQNoYiL2Q5qn5C3Vz2Xdqg-13] o.s.a.r.l.SimpleMessageListenerContainer : Consumer raised exception, processing can restart if the connection factory supports it. Exception summary: org.springframework.amqp.AmqpConnectException: java.net.ConnectException: Connection refused: getsockopt
2025-12-15T18:15:25.148+05:30  INFO 100 --- [user-service] [springCloudBus.anonymous.KQNoYiL2Q5qn5C3Vz2Xdqg-13] o.s.a.r.l.SimpleMessageListenerContainer : Restarting Consumer@529b899a: tags=[[]], channel=null, acknowledgeMode=AUTO local queue size=0
2025-12-15T18:15:25.152+05:30  INFO 100 --- [user-service] [springCloudBus.anonymous.KQNoYiL2Q5qn5C3Vz2Xdqg-14] o.s.a.r.c.CachingConnectionFactory       : Attempting to connect to: [localhost:5672]
2025-12-15T18:15:30.274+05:30  WARN 100 --- [user-service] [springCloudBus.anonymous.KQNoYiL2Q5qn5C3Vz2Xdqg-14] o.s.a.r.l.SimpleMessageListenerContainer : Consumer raised exception, processing can restart if the connection factory supports it. Exception summary: org.springframework.amqp.AmqpConnectException: java.net.ConnectException: Connection refused: getsockopt
2025-12-15T18:15:30.274+05:30  INFO 100 --- [user-service] [springCloudBus.anonymous.KQNoYiL2Q5qn5C3Vz2Xdqg-14] o.s.a.r.l.SimpleMessageListenerContainer : Restarting Consumer@1db466c2: tags=[[]], channel=null, acknowledgeMode=AUTO local queue size=0
2025-12-15T18:15:30.277+05:30  INFO 100 --- [user-service] [springCloudBus.anonymous.KQNoYiL2Q5qn5C3Vz2Xdqg-15] o.s.a.r.c.CachingConnectionFactory       : Attempting to connect to: [localhost:5672]
2025-12-15T18:15:35.411+05:30  WARN 100 --- [user-service] [springCloudBus.anonymous.KQNoYiL2Q5qn5C3Vz2Xdqg-15] o.s.a.r.l.SimpleMessageListenerContainer : Consumer raised exception, processing can restart if the connection factory supports it. Exception summary: org.springframework.amqp.AmqpConnectException: java.net.ConnectException: Connection refused: getsockopt
2025-12-15T18:15:35.412+05:30  INFO 100 --- [user-service] [springCloudBus.anonymous.KQNoYiL2Q5qn5C3Vz2Xdqg-15] o.s.a.r.l.SimpleMessageListenerContainer : Restarting Consumer@b8bcf43: tags=[[]], channel=null, acknowledgeMode=AUTO local queue size=0
2025-12-15T18:15:35.415+05:30  INFO 100 --- [user-service] [springCloudBus.anonymous.KQNoYiL2Q5qn5C3Vz2Xdqg-16] o.s.a.r.c.CachingConnectionFactory       : Attempting to connect to: [localhost:5672]
2025-12-15T18:15:40.550+05:30  WARN 100 --- [user-service] [springCloudBus.anonymous.KQNoYiL2Q5qn5C3Vz2Xdqg-16] o.s.a.r.l.SimpleMessageListenerContainer : Consumer raised exception, processing can restart if the connection factory supports it. Exception summary: org.springframework.amqp.AmqpConnectException: java.net.ConnectException: Connection refused: getsockopt
2025-12-15T18:15:40.551+05:30  INFO 100 --- [user-service] [springCloudBus.anonymous.KQNoYiL2Q5qn5C3Vz2Xdqg-16] o.s.a.r.l.SimpleMessageListenerContainer : Restarting Consumer@3fa4e7f: tags=[[]], channel=null, acknowledgeMode=AUTO local queue size=0
2025-12-15T18:15:40.552+05:30  INFO 100 --- [user-service] [springCloudBus.anonymous.KQNoYiL2Q5qn5C3Vz2Xdqg-17] o.s.a.r.c.CachingConnectionFactory       : Attempting to connect to: [localhost:5672]
2025-12-15T18:15:45.618+05:30  WARN 100 --- [user-service] [springCloudBus.anonymous.KQNoYiL2Q5qn5C3Vz2Xdqg-17] o.s.a.r.l.SimpleMessageListenerContainer : Consumer raised exception, processing can restart if the connection factory supports it. Exception summary: org.springframework.amqp.AmqpConnectException: java.net.ConnectException: Connection refused: getsockopt
2025-12-15T18:15:45.618+05:30  INFO 100 --- [user-service] [springCloudBus.anonymous.KQNoYiL2Q5qn5C3Vz2Xdqg-17] o.s.a.r.l.SimpleMessageListenerContainer : Restarting Consumer@36f8ff3b: tags=[[]], channel=null, acknowledgeMode=AUTO local queue size=0
2025-12-15T18:15:45.621+05:30  INFO 100 --- [user-service] [springCloudBus.anonymous.KQNoYiL2Q5qn5C3Vz2Xdqg-18] o.s.a.r.c.CachingConnectionFactory       : Attempting to connect to: [localhost:5672]
2025-12-15T18:15:50.752+05:30  WARN 100 --- [user-service] [springCloudBus.anonymous.KQNoYiL2Q5qn5C3Vz2Xdqg-18] o.s.a.r.l.SimpleMessageListenerContainer : Consumer raised exception, processing can restart if the connection factory supports it. Exception summary: org.springframework.amqp.AmqpConnectException: java.net.ConnectException: Connection refused: getsockopt
2025-12-15T18:15:50.753+05:30  INFO 100 --- [user-service] [springCloudBus.anonymous.KQNoYiL2Q5qn5C3Vz2Xdqg-18] o.s.a.r.l.SimpleMessageListenerContainer : Restarting Consumer@38067bb6: tags=[[]], channel=null, acknowledgeMode=AUTO local queue size=0
2025-12-15T18:15:50.757+05:30  INFO 100 --- [user-service] [springCloudBus.anonymous.KQNoYiL2Q5qn5C3Vz2Xdqg-19] o.s.a.r.c.CachingConnectionFactory       : Attempting to connect to: [localhost:5672]
2025-12-15T18:15:55.886+05:30  WARN 100 --- [user-service] [springCloudBus.anonymous.KQNoYiL2Q5qn5C3Vz2Xdqg-19] o.s.a.r.l.SimpleMessageListenerContainer : Consumer raised exception, processing can restart if the connection factory supports it. Exception summary: org.springframework.amqp.AmqpConnectException: java.net.ConnectException: Connection refused: getsockopt
2025-12-15T18:15:55.886+05:30  INFO 100 --- [user-service] [springCloudBus.anonymous.KQNoYiL2Q5qn5C3Vz2Xdqg-19] o.s.a.r.l.SimpleMessageListenerContainer : Restarting Consumer@76307863: tags=[[]], channel=null, acknowledgeMode=AUTO local queue size=0
2025-12-15T18:15:55.892+05:30  INFO 100 --- [user-service] [springCloudBus.anonymous.KQNoYiL2Q5qn5C3Vz2Xdqg-20] o.s.a.r.c.CachingConnectionFactory       : Attempting to connect to: [localhost:5672]
2025-12-15T18:16:01.003+05:30  WARN 100 --- [user-service] [springCloudBus.anonymous.KQNoYiL2Q5qn5C3Vz2Xdqg-20] o.s.a.r.l.SimpleMessageListenerContainer : Consumer raised exception, processing can restart if the connection factory supports it. Exception summary: org.springframework.amqp.AmqpConnectException: java.net.ConnectException: Connection refused: getsockopt
2025-12-15T18:16:01.003+05:30  INFO 100 --- [user-service] [springCloudBus.anonymous.KQNoYiL2Q5qn5C3Vz2Xdqg-20] o.s.a.r.l.SimpleMessageListenerContainer : Restarting Consumer@19486983: tags=[[]], channel=null, acknowledgeMode=AUTO local queue size=0
2025-12-15T18:16:01.006+05:30  INFO 100 --- [user-service] [springCloudBus.anonymous.KQNoYiL2Q5qn5C3Vz2Xdqg-21] o.s.a.r.c.CachingConnectionFactory       : Attempting to connect to: [localhost:5672]
2025-12-15T18:16:06.085+05:30  WARN 100 --- [user-service] [springCloudBus.anonymous.KQNoYiL2Q5qn5C3Vz2Xdqg-21] o.s.a.r.l.SimpleMessageListenerContainer : Consumer raised exception, processing can restart if the connection factory supports it. Exception summary: org.springframework.amqp.AmqpConnectException: java.net.ConnectException: Connection refused: getsockopt
2025-12-15T18:16:06.085+05:30  INFO 100 --- [user-service] [springCloudBus.anonymous.KQNoYiL2Q5qn5C3Vz2Xdqg-21] o.s.a.r.l.SimpleMessageListenerContainer : Restarting Consumer@2008ab38: tags=[[]], channel=null, acknowledgeMode=AUTO local queue size=0
2025-12-15T18:16:06.087+05:30  INFO 100 --- [user-service] [springCloudBus.anonymous.KQNoYiL2Q5qn5C3Vz2Xdqg-22] o.s.a.r.c.CachingConnectionFactory       : Attempting to connect to: [localhost:5672]
2025-12-15T18:16:11.178+05:30  WARN 100 --- [user-service] [springCloudBus.anonymous.KQNoYiL2Q5qn5C3Vz2Xdqg-22] o.s.a.r.l.SimpleMessageListenerContainer : Consumer raised exception, processing can restart if the connection factory supports it. Exception summary: org.springframework.amqp.AmqpConnectException: java.net.ConnectException: Connection refused: getsockopt
2025-12-15T18:16:11.179+05:30  INFO 100 --- [user-service] [springCloudBus.anonymous.KQNoYiL2Q5qn5C3Vz2Xdqg-22] o.s.a.r.l.SimpleMessageListenerContainer : Restarting Consumer@5f9f03d8: tags=[[]], channel=null, acknowledgeMode=AUTO local queue size=0
2025-12-15T18:16:11.182+05:30  INFO 100 --- [user-service] [springCloudBus.anonymous.KQNoYiL2Q5qn5C3Vz2Xdqg-23] o.s.a.r.c.CachingConnectionFactory       : Attempting to connect to: [localhost:5672]
2025-12-15T18:16:16.294+05:30  WARN 100 --- [user-service] [springCloudBus.anonymous.KQNoYiL2Q5qn5C3Vz2Xdqg-23] o.s.a.r.l.SimpleMessageListenerContainer : Consumer raised exception, processing can restart if the connection factory supports it. Exception summary: org.springframework.amqp.AmqpConnectException: java.net.ConnectException: Connection refused: getsockopt
2025-12-15T18:16:16.295+05:30  INFO 100 --- [user-service] [springCloudBus.anonymous.KQNoYiL2Q5qn5C3Vz2Xdqg-23] o.s.a.r.l.SimpleMessageListenerContainer : Restarting Consumer@529c26f7: tags=[[]], channel=null, acknowledgeMode=AUTO local queue size=0
2025-12-15T18:16:16.299+05:30  INFO 100 --- [user-service] [springCloudBus.anonymous.KQNoYiL2Q5qn5C3Vz2Xdqg-24] o.s.a.r.c.CachingConnectionFactory       : Attempting to connect to: [localhost:5672]
2025-12-15T18:16:21.428+05:30  WARN 100 --- [user-service] [springCloudBus.anonymous.KQNoYiL2Q5qn5C3Vz2Xdqg-24] o.s.a.r.l.SimpleMessageListenerContainer : Consumer raised exception, processing can restart if the connection factory supports it. Exception summary: org.springframework.amqp.AmqpConnectException: java.net.ConnectException: Connection refused: getsockopt
2025-12-15T18:16:21.429+05:30  INFO 100 --- [user-service] [springCloudBus.anonymous.KQNoYiL2Q5qn5C3Vz2Xdqg-24] o.s.a.r.l.SimpleMessageListenerContainer : Restarting Consumer@86e3556: tags=[[]], channel=null, acknowledgeMode=AUTO local queue size=0
2025-12-15T18:16:21.430+05:30  INFO 100 --- [user-service] [springCloudBus.anonymous.KQNoYiL2Q5qn5C3Vz2Xdqg-25] o.s.a.r.c.CachingConnectionFactory       : Attempting to connect to: [localhost:5672]
2025-12-15T18:16:26.518+05:30  WARN 100 --- [user-service] [springCloudBus.anonymous.KQNoYiL2Q5qn5C3Vz2Xdqg-25] o.s.a.r.l.SimpleMessageListenerContainer : Consumer raised exception, processing can restart if the connection factory supports it. Exception summary: org.springframework.amqp.AmqpConnectException: java.net.ConnectException: Connection refused: getsockopt
2025-12-15T18:16:26.518+05:30  INFO 100 --- [user-service] [springCloudBus.anonymous.KQNoYiL2Q5qn5C3Vz2Xdqg-25] o.s.a.r.l.SimpleMessageListenerContainer : Restarting Consumer@31182ed8: tags=[[]], channel=null, acknowledgeMode=AUTO local queue size=0
2025-12-15T18:16:26.521+05:30  INFO 100 --- [user-service] [springCloudBus.anonymous.KQNoYiL2Q5qn5C3Vz2Xdqg-26] o.s.a.r.c.CachingConnectionFactory       : Attempting to connect to: [localhost:5672]
2025-12-15T18:16:31.632+05:30  WARN 100 --- [user-service] [springCloudBus.anonymous.KQNoYiL2Q5qn5C3Vz2Xdqg-26] o.s.a.r.l.SimpleMessageListenerContainer : Consumer raised exception, processing can restart if the connection factory supports it. Exception summary: org.springframework.amqp.AmqpConnectException: java.net.ConnectException: Connection refused: getsockopt
2025-12-15T18:16:31.632+05:30  INFO 100 --- [user-service] [springCloudBus.anonymous.KQNoYiL2Q5qn5C3Vz2Xdqg-26] o.s.a.r.l.SimpleMessageListenerContainer : Restarting Consumer@57775991: tags=[[]], channel=null, acknowledgeMode=AUTO local queue size=0
2025-12-15T18:16:31.635+05:30  INFO 100 --- [user-service] [springCloudBus.anonymous.KQNoYiL2Q5qn5C3Vz2Xdqg-27] o.s.a.r.c.CachingConnectionFactory       : Attempting to connect to: [localhost:5672]
2025-12-15T18:16:36.709+05:30  WARN 100 --- [user-service] [springCloudBus.anonymous.KQNoYiL2Q5qn5C3Vz2Xdqg-27] o.s.a.r.l.SimpleMessageListenerContainer : Consumer raised exception, processing can restart if the connection factory supports it. Exception summary: org.springframework.amqp.AmqpConnectException: java.net.ConnectException: Connection refused: getsockopt
2025-12-15T18:16:36.711+05:30  INFO 100 --- [user-service] [springCloudBus.anonymous.KQNoYiL2Q5qn5C3Vz2Xdqg-27] o.s.a.r.l.SimpleMessageListenerContainer : Restarting Consumer@7971c98: tags=[[]], channel=null, acknowledgeMode=AUTO local queue size=0
2025-12-15T18:16:36.715+05:30  INFO 100 --- [user-service] [springCloudBus.anonymous.KQNoYiL2Q5qn5C3Vz2Xdqg-28] o.s.a.r.c.CachingConnectionFactory       : Attempting to connect to: [localhost:5672]
2025-12-15T18:16:41.846+05:30  WARN 100 --- [user-service] [springCloudBus.anonymous.KQNoYiL2Q5qn5C3Vz2Xdqg-28] o.s.a.r.l.SimpleMessageListenerContainer : Consumer raised exception, processing can restart if the connection factory supports it. Exception summary: org.springframework.amqp.AmqpConnectException: java.net.ConnectException: Connection refused: getsockopt
2025-12-15T18:16:41.847+05:30  INFO 100 --- [user-service] [springCloudBus.anonymous.KQNoYiL2Q5qn5C3Vz2Xdqg-28] o.s.a.r.l.SimpleMessageListenerContainer : Restarting Consumer@32080d12: tags=[[]], channel=null, acknowledgeMode=AUTO local queue size=0
2025-12-15T18:16:41.850+05:30  INFO 100 --- [user-service] [springCloudBus.anonymous.KQNoYiL2Q5qn5C3Vz2Xdqg-29] o.s.a.r.c.CachingConnectionFactory       : Attempting to connect to: [localhost:5672]
2025-12-15T18:16:46.956+05:30  WARN 100 --- [user-service] [springCloudBus.anonymous.KQNoYiL2Q5qn5C3Vz2Xdqg-29] o.s.a.r.l.SimpleMessageListenerContainer : Consumer raised exception, processing can restart if the connection factory supports it. Exception summary: org.springframework.amqp.AmqpConnectException: java.net.ConnectException: Connection refused: getsockopt
2025-12-15T18:16:46.956+05:30  INFO 100 --- [user-service] [springCloudBus.anonymous.KQNoYiL2Q5qn5C3Vz2Xdqg-29] o.s.a.r.l.SimpleMessageListenerContainer : Restarting Consumer@3a105857: tags=[[]], channel=null, acknowledgeMode=AUTO local queue size=0
2025-12-15T18:16:46.959+05:30  INFO 100 --- [user-service] [springCloudBus.anonymous.KQNoYiL2Q5qn5C3Vz2Xdqg-30] o.s.a.r.c.CachingConnectionFactory       : Attempting to connect to: [localhost:5672]
2025-12-15T18:16:52.090+05:30  WARN 100 --- [user-service] [springCloudBus.anonymous.KQNoYiL2Q5qn5C3Vz2Xdqg-30] o.s.a.r.l.SimpleMessageListenerContainer : Consumer raised exception, processing can restart if the connection factory supports it. Exception summary: org.springframework.amqp.AmqpConnectException: java.net.ConnectException: Connection refused: getsockopt
2025-12-15T18:16:52.091+05:30  INFO 100 --- [user-service] [springCloudBus.anonymous.KQNoYiL2Q5qn5C3Vz2Xdqg-30] o.s.a.r.l.SimpleMessageListenerContainer : Restarting Consumer@55ece18: tags=[[]], channel=null, acknowledgeMode=AUTO local queue size=0
2025-12-15T18:16:52.095+05:30  INFO 100 --- [user-service] [springCloudBus.anonymous.KQNoYiL2Q5qn5C3Vz2Xdqg-31] o.s.a.r.c.CachingConnectionFactory       : Attempting to connect to: [localhost:5672]
2025-12-15T18:16:57.191+05:30  WARN 100 --- [user-service] [springCloudBus.anonymous.KQNoYiL2Q5qn5C3Vz2Xdqg-31] o.s.a.r.l.SimpleMessageListenerContainer : Consumer raised exception, processing can restart if the connection factory supports it. Exception summary: org.springframework.amqp.AmqpConnectException: java.net.ConnectException: Connection refused: getsockopt
2025-12-15T18:16:57.191+05:30  INFO 100 --- [user-service] [springCloudBus.anonymous.KQNoYiL2Q5qn5C3Vz2Xdqg-31] o.s.a.r.l.SimpleMessageListenerContainer : Restarting Consumer@7fc2a535: tags=[[]], channel=null, acknowledgeMode=AUTO local queue size=0
2025-12-15T18:16:57.195+05:30  INFO 100 --- [user-service] [springCloudBus.anonymous.KQNoYiL2Q5qn5C3Vz2Xdqg-32] o.s.a.r.c.CachingConnectionFactory       : Attempting to connect to: [localhost:5672]
2025-12-15T18:17:02.309+05:30  WARN 100 --- [user-service] [springCloudBus.anonymous.KQNoYiL2Q5qn5C3Vz2Xdqg-32] o.s.a.r.l.SimpleMessageListenerContainer : Consumer raised exception, processing can restart if the connection factory supports it. Exception summary: org.springframework.amqp.AmqpConnectException: java.net.ConnectException: Connection refused: getsockopt
2025-12-15T18:17:02.310+05:30  INFO 100 --- [user-service] [springCloudBus.anonymous.KQNoYiL2Q5qn5C3Vz2Xdqg-32] o.s.a.r.l.SimpleMessageListenerContainer : Restarting Consumer@6a74e192: tags=[[]], channel=null, acknowledgeMode=AUTO local queue size=0
2025-12-15T18:17:02.312+05:30  INFO 100 --- [user-service] [springCloudBus.anonymous.KQNoYiL2Q5qn5C3Vz2Xdqg-33] o.s.a.r.c.CachingConnectionFactory       : Attempting to connect to: [localhost:5672]
2025-12-15T18:17:07.412+05:30  WARN 100 --- [user-service] [springCloudBus.anonymous.KQNoYiL2Q5qn5C3Vz2Xdqg-33] o.s.a.r.l.SimpleMessageListenerContainer : Consumer raised exception, processing can restart if the connection factory supports it. Exception summary: org.springframework.amqp.AmqpConnectException: java.net.ConnectException: Connection refused: getsockopt
2025-12-15T18:17:07.413+05:30  INFO 100 --- [user-service] [springCloudBus.anonymous.KQNoYiL2Q5qn5C3Vz2Xdqg-33] o.s.a.r.l.SimpleMessageListenerContainer : Restarting Consumer@4fc51407: tags=[[]], channel=null, acknowledgeMode=AUTO local queue size=0
2025-12-15T18:17:07.415+05:30  INFO 100 --- [user-service] [springCloudBus.anonymous.KQNoYiL2Q5qn5C3Vz2Xdqg-34] o.s.a.r.c.CachingConnectionFactory       : Attempting to connect to: [localhost:5672]
2025-12-15T18:17:12.567+05:30  WARN 100 --- [user-service] [springCloudBus.anonymous.KQNoYiL2Q5qn5C3Vz2Xdqg-34] o.s.a.r.l.SimpleMessageListenerContainer : Consumer raised exception, processing can restart if the connection factory supports it. Exception summary: org.springframework.amqp.AmqpConnectException: java.net.ConnectException: Connection refused: getsockopt
2025-12-15T18:17:12.568+05:30  INFO 100 --- [user-service] [springCloudBus.anonymous.KQNoYiL2Q5qn5C3Vz2Xdqg-34] o.s.a.r.l.SimpleMessageListenerContainer : Restarting Consumer@2bbb9532: tags=[[]], channel=null, acknowledgeMode=AUTO local queue size=0
2025-12-15T18:17:12.570+05:30  INFO 100 --- [user-service] [springCloudBus.anonymous.KQNoYiL2Q5qn5C3Vz2Xdqg-35] o.s.a.r.c.CachingConnectionFactory       : Attempting to connect to: [localhost:5672]
2025-12-15T18:17:17.658+05:30  WARN 100 --- [user-service] [springCloudBus.anonymous.KQNoYiL2Q5qn5C3Vz2Xdqg-35] o.s.a.r.l.SimpleMessageListenerContainer : Consumer raised exception, processing can restart if the connection factory supports it. Exception summary: org.springframework.amqp.AmqpConnectException: java.net.ConnectException: Connection refused: getsockopt
2025-12-15T18:17:17.660+05:30  INFO 100 --- [user-service] [springCloudBus.anonymous.KQNoYiL2Q5qn5C3Vz2Xdqg-35] o.s.a.r.l.SimpleMessageListenerContainer : Restarting Consumer@58f46516: tags=[[]], channel=null, acknowledgeMode=AUTO local queue size=0
2025-12-15T18:17:17.665+05:30  INFO 100 --- [user-service] [springCloudBus.anonymous.KQNoYiL2Q5qn5C3Vz2Xdqg-36] o.s.a.r.c.CachingConnectionFactory       : Attempting to connect to: [localhost:5672]
2025-12-15T18:17:22.817+05:30  WARN 100 --- [user-service] [springCloudBus.anonymous.KQNoYiL2Q5qn5C3Vz2Xdqg-36] o.s.a.r.l.SimpleMessageListenerContainer : Consumer raised exception, processing can restart if the connection factory supports it. Exception summary: org.springframework.amqp.AmqpConnectException: java.net.ConnectException: Connection refused: getsockopt
2025-12-15T18:17:22.817+05:30  INFO 100 --- [user-service] [springCloudBus.anonymous.KQNoYiL2Q5qn5C3Vz2Xdqg-36] o.s.a.r.l.SimpleMessageListenerContainer : Restarting Consumer@30dca862: tags=[[]], channel=null, acknowledgeMode=AUTO local queue size=0
2025-12-15T18:17:22.856+05:30  INFO 100 --- [user-service] [springCloudBus.anonymous.KQNoYiL2Q5qn5C3Vz2Xdqg-37] o.s.a.r.c.CachingConnectionFactory       : Attempting to connect to: [localhost:5672]
2025-12-15T18:17:27.969+05:30  WARN 100 --- [user-service] [springCloudBus.anonymous.KQNoYiL2Q5qn5C3Vz2Xdqg-37] o.s.a.r.l.SimpleMessageListenerContainer : Consumer raised exception, processing can restart if the connection factory supports it. Exception summary: org.springframework.amqp.AmqpConnectException: java.net.ConnectException: Connection refused: getsockopt
2025-12-15T18:17:27.969+05:30  INFO 100 --- [user-service] [springCloudBus.anonymous.KQNoYiL2Q5qn5C3Vz2Xdqg-37] o.s.a.r.l.SimpleMessageListenerContainer : Restarting Consumer@52940d2f: tags=[[]], channel=null, acknowledgeMode=AUTO local queue size=0
2025-12-15T18:17:27.970+05:30  INFO 100 --- [user-service] [springCloudBus.anonymous.KQNoYiL2Q5qn5C3Vz2Xdqg-38] o.s.a.r.c.CachingConnectionFactory       : Attempting to connect to: [localhost:5672]
2025-12-15T18:17:33.088+05:30  WARN 100 --- [user-service] [springCloudBus.anonymous.KQNoYiL2Q5qn5C3Vz2Xdqg-38] o.s.a.r.l.SimpleMessageListenerContainer : Consumer raised exception, processing can restart if the connection factory supports it. Exception summary: org.springframework.amqp.AmqpConnectException: java.net.ConnectException: Connection refused: getsockopt
2025-12-15T18:17:33.089+05:30  INFO 100 --- [user-service] [springCloudBus.anonymous.KQNoYiL2Q5qn5C3Vz2Xdqg-38] o.s.a.r.l.SimpleMessageListenerContainer : Restarting Consumer@3ffd4dad: tags=[[]], channel=null, acknowledgeMode=AUTO local queue size=0
2025-12-15T18:17:33.093+05:30  INFO 100 --- [user-service] [springCloudBus.anonymous.KQNoYiL2Q5qn5C3Vz2Xdqg-39] o.s.a.r.c.CachingConnectionFactory       : Attempting to connect to: [localhost:5672]
2025-12-15T18:17:38.235+05:30  WARN 100 --- [user-service] [springCloudBus.anonymous.KQNoYiL2Q5qn5C3Vz2Xdqg-39] o.s.a.r.l.SimpleMessageListenerContainer : Consumer raised exception, processing can restart if the connection factory supports it. Exception summary: org.springframework.amqp.AmqpConnectException: java.net.ConnectException: Connection refused: getsockopt
2025-12-15T18:17:38.235+05:30  INFO 100 --- [user-service] [springCloudBus.anonymous.KQNoYiL2Q5qn5C3Vz2Xdqg-39] o.s.a.r.l.SimpleMessageListenerContainer : Restarting Consumer@3e4606ee: tags=[[]], channel=null, acknowledgeMode=AUTO local queue size=0
2025-12-15T18:17:38.237+05:30  INFO 100 --- [user-service] [springCloudBus.anonymous.KQNoYiL2Q5qn5C3Vz2Xdqg-40] o.s.a.r.c.CachingConnectionFactory       : Attempting to connect to: [localhost:5672]
2025-12-15T18:17:43.379+05:30  WARN 100 --- [user-service] [springCloudBus.anonymous.KQNoYiL2Q5qn5C3Vz2Xdqg-40] o.s.a.r.l.SimpleMessageListenerContainer : Consumer raised exception, processing can restart if the connection factory supports it. Exception summary: org.springframework.amqp.AmqpConnectException: java.net.ConnectException: Connection refused: getsockopt
2025-12-15T18:17:43.380+05:30  INFO 100 --- [user-service] [springCloudBus.anonymous.KQNoYiL2Q5qn5C3Vz2Xdqg-40] o.s.a.r.l.SimpleMessageListenerContainer : Restarting Consumer@17ba24c6: tags=[[]], channel=null, acknowledgeMode=AUTO local queue size=0
2025-12-15T18:17:43.382+05:30  INFO 100 --- [user-service] [springCloudBus.anonymous.KQNoYiL2Q5qn5C3Vz2Xdqg-41] o.s.a.r.c.CachingConnectionFactory       : Attempting to connect to: [localhost:5672]
2025-12-15T18:17:48.470+05:30  WARN 100 --- [user-service] [springCloudBus.anonymous.KQNoYiL2Q5qn5C3Vz2Xdqg-41] o.s.a.r.l.SimpleMessageListenerContainer : Consumer raised exception, processing can restart if the connection factory supports it. Exception summary: org.springframework.amqp.AmqpConnectException: java.net.ConnectException: Connection refused: getsockopt
2025-12-15T18:17:48.470+05:30  INFO 100 --- [user-service] [springCloudBus.anonymous.KQNoYiL2Q5qn5C3Vz2Xdqg-41] o.s.a.r.l.SimpleMessageListenerContainer : Restarting Consumer@26f23c6: tags=[[]], channel=null, acknowledgeMode=AUTO local queue size=0
2025-12-15T18:17:48.473+05:30  INFO 100 --- [user-service] [springCloudBus.anonymous.KQNoYiL2Q5qn5C3Vz2Xdqg-42] o.s.a.r.c.CachingConnectionFactory       : Attempting to connect to: [localhost:5672]
2025-12-15T18:17:53.583+05:30  WARN 100 --- [user-service] [springCloudBus.anonymous.KQNoYiL2Q5qn5C3Vz2Xdqg-42] o.s.a.r.l.SimpleMessageListenerContainer : Consumer raised exception, processing can restart if the connection factory supports it. Exception summary: org.springframework.amqp.AmqpConnectException: java.net.ConnectException: Connection refused: getsockopt
2025-12-15T18:17:53.583+05:30  INFO 100 --- [user-service] [springCloudBus.anonymous.KQNoYiL2Q5qn5C3Vz2Xdqg-42] o.s.a.r.l.SimpleMessageListenerContainer : Restarting Consumer@123dc938: tags=[[]], channel=null, acknowledgeMode=AUTO local queue size=0
2025-12-15T18:17:53.585+05:30  INFO 100 --- [user-service] [springCloudBus.anonymous.KQNoYiL2Q5qn5C3Vz2Xdqg-43] o.s.a.r.c.CachingConnectionFactory       : Attempting to connect to: [localhost:5672]
2025-12-15T18:17:58.727+05:30  WARN 100 --- [user-service] [springCloudBus.anonymous.KQNoYiL2Q5qn5C3Vz2Xdqg-43] o.s.a.r.l.SimpleMessageListenerContainer : Consumer raised exception, processing can restart if the connection factory supports it. Exception summary: org.springframework.amqp.AmqpConnectException: java.net.ConnectException: Connection refused: getsockopt
2025-12-15T18:17:58.727+05:30  INFO 100 --- [user-service] [springCloudBus.anonymous.KQNoYiL2Q5qn5C3Vz2Xdqg-43] o.s.a.r.l.SimpleMessageListenerContainer : Restarting Consumer@72d8641c: tags=[[]], channel=null, acknowledgeMode=AUTO local queue size=0
2025-12-15T18:17:58.729+05:30  INFO 100 --- [user-service] [springCloudBus.anonymous.KQNoYiL2Q5qn5C3Vz2Xdqg-44] o.s.a.r.c.CachingConnectionFactory       : Attempting to connect to: [localhost:5672]
2025-12-15T18:18:03.276+05:30  INFO 100 --- [user-service] [SpringApplicationShutdownHook] o.s.c.n.e.s.EurekaServiceRegistry        : Unregistering application USER-SERVICE with eureka with status DOWN
2025-12-15T18:18:03.277+05:30  INFO 100 --- [user-service] [SpringApplicationShutdownHook] com.netflix.discovery.DiscoveryClient    : Saw local status change event StatusChangeEvent [timestamp=1765802883277, current=DOWN, previous=UP]
2025-12-15T18:18:03.277+05:30  INFO 100 --- [user-service] [DiscoveryClient-InstanceInfoReplicator-%d] com.netflix.discovery.DiscoveryClient    : DiscoveryClient_USER-SERVICE/FON-LAP-52.mshome.net:user-service:8081: registering service...
2025-12-15T18:18:03.285+05:30  INFO 100 --- [user-service] [SpringApplicationShutdownHook] o.s.b.w.e.tomcat.GracefulShutdown        : Commencing graceful shutdown. Waiting for active requests to complete
2025-12-15T18:18:03.292+05:30  INFO 100 --- [user-service] [DiscoveryClient-InstanceInfoReplicator-%d] com.netflix.discovery.DiscoveryClient    : DiscoveryClient_USER-SERVICE/FON-LAP-52.mshome.net:user-service:8081 - registration status: 204
2025-12-15T18:18:03.308+05:30  INFO 100 --- [user-service] [tomcat-shutdown] o.s.b.w.e.tomcat.GracefulShutdown        : Graceful shutdown complete
2025-12-15T18:18:03.311+05:30  INFO 100 --- [user-service] [SpringApplicationShutdownHook] o.s.a.r.l.SimpleMessageListenerContainer : Waiting for workers to finish.
2025-12-15T18:18:03.312+05:30  INFO 100 --- [user-service] [SpringApplicationShutdownHook] o.s.a.r.l.SimpleMessageListenerContainer : Successfully waited for workers to finish.
2025-12-15T18:18:03.312+05:30  INFO 100 --- [user-service] [SpringApplicationShutdownHook] o.s.i.a.i.AmqpInboundChannelAdapter      : stopped bean 'inbound.springCloudBus.anonymous.KQNoYiL2Q5qn5C3Vz2Xdqg'
2025-12-15T18:18:03.317+05:30  INFO 100 --- [user-service] [SpringApplicationShutdownHook] o.s.c.stream.binder.BinderErrorChannel   : Channel 'user-service.rabbit-1156424283.springCloudBusInput.errors' has 1 subscriber(s).
2025-12-15T18:18:03.318+05:30  INFO 100 --- [user-service] [SpringApplicationShutdownHook] o.s.c.stream.binder.BinderErrorChannel   : Channel 'user-service.rabbit-1156424283.springCloudBusInput.errors' has 0 subscriber(s).
2025-12-15T18:18:03.372+05:30  INFO 100 --- [user-service] [SpringApplicationShutdownHook] o.s.i.endpoint.EventDrivenConsumer       : Removing {logging-channel-adapter:_org.springframework.integration.errorLogger} as a subscriber to the 'errorChannel' channel
2025-12-15T18:18:03.372+05:30  INFO 100 --- [user-service] [SpringApplicationShutdownHook] o.s.i.channel.PublishSubscribeChannel    : Channel 'user-service.errorChannel' has 0 subscriber(s).
2025-12-15T18:18:03.372+05:30  INFO 100 --- [user-service] [SpringApplicationShutdownHook] o.s.i.endpoint.EventDrivenConsumer       : stopped bean '_org.springframework.integration.errorLogger'
2025-12-15T18:18:03.388+05:30  INFO 100 --- [user-service] [SpringApplicationShutdownHook] com.netflix.discovery.DiscoveryClient    : Shutting down DiscoveryClient ...
2025-12-15T18:18:06.393+05:30  INFO 100 --- [user-service] [SpringApplicationShutdownHook] com.netflix.discovery.DiscoveryClient    : Unregistering ...
2025-12-15T18:18:06.412+05:30  INFO 100 --- [user-service] [SpringApplicationShutdownHook] com.netflix.discovery.DiscoveryClient    : DiscoveryClient_USER-SERVICE/FON-LAP-52.mshome.net:user-service:8081 - deregister  status: 200
2025-12-15T18:18:06.413+05:30  INFO 100 --- [user-service] [SpringApplicationShutdownHook] com.netflix.discovery.DiscoveryClient    : Completed shut down of DiscoveryClient
